// Jest Snapshot v1, https://goo.gl/fbAQLP

exports[`UserList should rerender 1`] = `
<section>
  <span>
    UserList should rerender
  </span>
  <section>
    <div
      className="row"
    >
      <h4>
        user
         
        0
        :
      </h4>
      <p>
        name:
        小张
      </p>
      <p>
        profession：
        程序员
      </p>
      <p>
        pet:
        狗
      </p>
    </div>
  </section>
</section>
`;
